// Jest Snapshot v1, https://goo.gl/fbAQLP

exports[`<Waveform /> renders correctly with a grains 1`] = `
<div
  className="waveform"
>
  <button
    className="wave-block enabled"
    disabled={undefined}
    onClick={[Function]}
    style={
      Object {
        "backgroundColor": "rgb(240, 240, 240)",
        "flexGrow": 3,
      }
    }
  >
    <div
      className="amplitude"
      style={
        Object {
          "height": "40%",
          "opacity": "0.4",
        }
      }
    />
  </button>
</div>
`;

exports[`<Waveform /> renders correctly with empty grains 1`] = `
<div
  className="waveform"
/>
`;
